// Jest Snapshot v1, https://goo.gl/fbAQLP

exports[`App renders correctly 1`] = `
<div
  className="App"
>
  <div
    className="sc-bdnxRM jYRkKf"
  >
    <div>
      
    </div>
     
    <h2>
      Clicks: 
    </h2>
    <p>
      <span>
        <button
          onClick={[Function]}
          style={
            Object {
              "marginRight": 100,
            }
          }
        >
          Increment
        </button>
      </span>
      <span>
         
        <button
          onClick={[Function]}
        >
          Decrement
        </button>
      </span>
    </p>
  </div>
</div>
`;
